src/components/shared/Header.tsx(18,87): error TS2345: Argument of type 'null' is not assignable to parameter of type '{ status: "available" | "booked" | "limited"; text: string; text_id?: string | undefined; } | (() => { status: "available" | "booked" | "limited"; text: string; text_id?: string | undefined; } | undefined) | undefined'.
src/lib/images.ts(125,20): error TS2339: Property 'gallery' does not exist on type 'Project'.
src/lib/images.ts(125,33): error TS2339: Property 'gallery' does not exist on type 'Project'.
src/lib/images.ts(167,9): error TS2339: Property 'galleryItems' does not exist on type 'Project'.
src/lib/images.ts(167,27): error TS2339: Property 'galleryItems' does not exist on type 'Project'.
src/lib/images.ts(168,14): error TS2339: Property 'galleryItems' does not exist on type 'Project'.
src/lib/images.ts(169,16): error TS7006: Parameter 'it' implicitly has an 'any' type.
src/lib/images.ts(170,13): error TS7006: Parameter 'it' implicitly has an 'any' type.
src/lib/images.ts(181,20): error TS2339: Property 'gallery' does not exist on type 'Project'.
src/lib/images.ts(181,40): error TS7006: Parameter 'src' implicitly has an 'any' type.
src/lib/services/projectService.ts(128,13): error TS2353: Object literal may only specify known properties, and 'gallery' does not exist in type 'Project'.
